// Jest Snapshot v1, https://goo.gl/fbAQLP

exports[`Time Components Modal Clicking button open modal 1`] = `
<body
  style="padding-right: 1024px; overflow: hidden;"
>
  <div
    aria-hidden="true"
  >
    <header
      class="MuiPaper-root MuiPaper-elevation MuiPaper-elevation4 MuiAppBar-root MuiAppBar-colorPrimary MuiAppBar-positionStatic nav-container css-hip9hq-MuiPaper-root-MuiAppBar-root"
    >
      <div
        class="MuiToolbar-root MuiToolbar-regular nav-toolbar css-1cndkqf-MuiToolbar-root"
      >
        <div
          class="nav-logo MuiBox-root css-0"
        >
          <a
            class="nav-link-box"
            href="/"
          >
            <div
              class="logo"
            >
              <img
                alt="logos"
                class="nav-img"
                src="logo512.png"
              />
              <h3
                class="nav-text"
                data-testid="nav-logo-text"
              >
                Blog-App
              </h3>
            </div>
          </a>
          <div
            class="nav-user-text"
          >
            <button
              class="MuiButton-root MuiButton-outlined MuiButton-outlinedNeutral MuiButton-sizeMedium MuiButton-outlinedSizeMedium MuiButtonBase-root  css-1tl8f8k-MuiButtonBase-root-MuiButton-root"
              tabindex="0"
              type="button"
            >
              Open modal
              <span
                class="MuiTouchRipple-root css-8je8zh-MuiTouchRipple-root"
              />
            </button>
          </div>
          <div
            class="user"
          >
            <h3
              class="nav-user-text"
              data-testid="greeting-text"
            >
              Hello Stranger
            </h3>
          </div>
          <div
            class="MuiBox-root css-0"
          >
            <button
              aria-haspopup="true"
              aria-label="Account"
              class="MuiButtonBase-root MuiIconButton-root MuiIconButton-sizeSmall css-137ul40-MuiButtonBase-root-MuiIconButton-root"
              data-mui-internal-clone-element="true"
              data-testid="menu-element"
              tabindex="0"
              type="button"
            >
              <div
                class="MuiAvatar-root MuiAvatar-circular css-1azxqog-MuiAvatar-root"
              >
                <img
                  class="MuiAvatar-img css-1pqm26d-MuiAvatar-img"
                  src="logo512.png"
                />
              </div>
              <span
                class="MuiTouchRipple-root css-8je8zh-MuiTouchRipple-root"
              />
            </button>
          </div>
        </div>
      </div>
    </header>
  </div>
  <div
    aria-describedby="modal-modal-description"
    aria-labelledby="modal-modal-title"
    class="MuiModal-root css-79ws1d-MuiModal-root"
    role="presentation"
    title="modal title"
  >
    <div
      aria-hidden="true"
      class="MuiBackdrop-root css-i9fmh8-MuiBackdrop-root-MuiModal-backdrop"
      style="opacity: 1; webkit-transition: opacity 225ms cubic-bezier(0.4, 0, 0.2, 1) 0ms; transition: opacity 225ms cubic-bezier(0.4, 0, 0.2, 1) 0ms;"
    />
    <div
      data-test="sentinelStart"
      tabindex="0"
    />
    <div
      class="MuiBox-root css-1wnsr1i"
      tabindex="-1"
    >
      <h2
        class="MuiTypography-root MuiTypography-h6 css-2ulfj5-MuiTypography-root"
        id="modal-modal-title"
      >
        Current Time is:
      </h2>
      <h2
        class="MuiTypography-root MuiTypography-h3 css-1csm5re-MuiTypography-root"
        id="modal-modal-description"
      >
        09:00:02
      </h2>
      <hr
        class="MuiDivider-root MuiDivider-fullWidth css-9mgopn-MuiDivider-root"
      />
      <div
        class="container MuiBox-root css-0"
      >
        <h2
          class="MuiTypography-root MuiTypography-h6 css-19fzd3z-MuiTypography-root"
        >
          Timer exercise
        </h2>
        <h2
          class="MuiTypography-root MuiTypography-h3 css-1csm5re-MuiTypography-root"
          id="modal-modal-description"
        >
          0
        </h2>
        <div
          class="mt-2 "
        >
          <button
            class="MuiButton-root MuiButton-outlined MuiButton-outlinedSecondary MuiButton-sizeMedium MuiButton-outlinedSizeMedium MuiButtonBase-root btn mx-2  btn-primary css-wnpvqa-MuiButtonBase-root-MuiButton-root"
            tabindex="0"
            type="button"
          >
            start
            <span
              class="MuiTouchRipple-root css-8je8zh-MuiTouchRipple-root"
            />
          </button>
          <button
            class="MuiButton-root MuiButton-outlined MuiButton-outlinedSecondary MuiButton-sizeMedium MuiButton-outlinedSizeMedium MuiButtonBase-root  css-16hpjav-MuiButtonBase-root-MuiButton-root"
            tabindex="0"
            type="button"
          >
            reset
            <span
              class="MuiTouchRipple-root css-8je8zh-MuiTouchRipple-root"
            />
          </button>
        </div>
      </div>
      <hr
        class="MuiDivider-root MuiDivider-fullWidth css-9mgopn-MuiDivider-root"
      />
      <div
        class="container MuiBox-root css-0"
      >
        <h2
          class="MuiTypography-root MuiTypography-h6 css-19fzd3z-MuiTypography-root"
        >
          StopWatch Reducer
        </h2>
        <h2
          class="MuiTypography-root MuiTypography-h3 css-1csm5re-MuiTypography-root"
          id="modal-modal-description"
        >
          0
        </h2>
        <button
          class="MuiButton-root MuiButton-outlined MuiButton-outlinedSecondary MuiButton-sizeMedium MuiButton-outlinedSizeMedium MuiButtonBase-root  css-wnpvqa-MuiButtonBase-root-MuiButton-root"
          tabindex="0"
          type="button"
        >
          Start
          <span
            class="MuiTouchRipple-root css-8je8zh-MuiTouchRipple-root"
          />
        </button>
        <button
          class="MuiButton-root MuiButton-outlined MuiButton-outlinedSecondary MuiButton-sizeMedium MuiButton-outlinedSizeMedium MuiButtonBase-root  css-16hpjav-MuiButtonBase-root-MuiButton-root"
          tabindex="0"
          type="button"
        >
          Stop
          <span
            class="MuiTouchRipple-root css-8je8zh-MuiTouchRipple-root"
          />
        </button>
        <button
          class="MuiButton-root MuiButton-outlined MuiButton-outlinedSecondary MuiButton-sizeMedium MuiButton-outlinedSizeMedium MuiButtonBase-root  css-wnpvqa-MuiButtonBase-root-MuiButton-root"
          tabindex="0"
          type="button"
        >
          Reset
          <span
            class="MuiTouchRipple-root css-8je8zh-MuiTouchRipple-root"
          />
        </button>
      </div>
      <hr
        class="MuiDivider-root MuiDivider-fullWidth css-9mgopn-MuiDivider-root"
      />
    </div>
    <div
      data-test="sentinelEnd"
      tabindex="0"
    />
  </div>
</body>
`;
